// Jest Snapshot v1, https://goo.gl/fbAQLP

exports[`renders correctly 1`] = `
<svg
  className="icon"
  data-testid="close-icon"
  height={10}
  onClick={[MockFunction]}
  viewBox="0 0 50 50"
  width={10}
  xmlns="http://www.w3.org/2000/svg"
>
  <path
    d="M 5 5 L 45 45 M 45 5 L 5 45"
    fill="transparent"
    stroke="currentColor"
    strokeLinecap="round"
    strokeWidth="3"
  />
</svg>
`;
