// Jest Snapshot v1, https://goo.gl/fbAQLP

exports[`renders correctly 1`] = `
<div
  className="container"
>
  <svg
    className="logo"
    data-testid="logo-icon"
    height={70}
    viewBox="-10 10 50 40"
    width={50}
    xmlns="http://www.w3.org/2000/svg"
  >
    <path
      d="M 5 45 H 25 V 5"
      fill="transparent"
      stroke="currentColor"
      strokeLinecap="round"
      strokeWidth="2"
      transform="rotate(45 15 25)"
    />
  </svg>
  <h3
    className="title"
  >
    TODO
  </h3>
</div>
`;
